current directory: /home/runner/work/fluent-icons/fluent-icons/vendor/bundle/ruby/3.2.0/gems/date-3.4.1/ext/date
/opt/hostedtoolcache/Ruby/3.2.11/x64/bin/ruby extconf.rb
checking for rb_category_warn()... yes
checking for timezone in time.h with  -Werror... yes
checking for altzone in time.h with  -Werror... no
creating Makefile

current directory: /home/runner/work/fluent-icons/fluent-icons/vendor/bundle/ruby/3.2.0/gems/date-3.4.1/ext/date
make DESTDIR\= sitearchdir\=./.gem.20260420-2321-n97yz9 sitelibdir\=./.gem.20260420-2321-n97yz9 clean

current directory: /home/runner/work/fluent-icons/fluent-icons/vendor/bundle/ruby/3.2.0/gems/date-3.4.1/ext/date
make DESTDIR\= sitearchdir\=./.gem.20260420-2321-n97yz9 sitelibdir\=./.gem.20260420-2321-n97yz9
compiling date_core.c
compiling date_parse.c
compiling date_strftime.c
compiling date_strptime.c
linking shared-object date_core.so

current directory: /home/runner/work/fluent-icons/fluent-icons/vendor/bundle/ruby/3.2.0/gems/date-3.4.1/ext/date
make DESTDIR\= sitearchdir\=./.gem.20260420-2321-n97yz9 sitelibdir\=./.gem.20260420-2321-n97yz9 install
/usr/bin/install -c -m 0755 date_core.so ./.gem.20260420-2321-n97yz9

current directory: /home/runner/work/fluent-icons/fluent-icons/vendor/bundle/ruby/3.2.0/gems/date-3.4.1/ext/date
make DESTDIR\= sitearchdir\=./.gem.20260420-2321-n97yz9 sitelibdir\=./.gem.20260420-2321-n97yz9 clean
